// Command seed populates this project's database with development data.
//
// Scaffolded by `zever generate seed`. Run it against a database that
// `zever db migrate` has already created the tables in.
package main

import (
	"context"
	"os"
	"time"

	"example.com/shop/internal/app"
	"example.com/shop/internal/service/seed"
)

const (
	shutdownGrace = 10 * time.Second
	seedTimeout   = 60 * time.Second
)

func main() {
	if err := run(); err != nil {
		_, _ = os.Stderr.WriteString("seed: " + err.Error() + "\n")

		os.Exit(1)
	}
}

func run() error {
	c, err := app.New()
	if err != nil {
		return err
	}

	defer func() {
		closeCtx, cancel := context.WithTimeout(context.Background(), shutdownGrace)
		defer cancel()

		_ = c.Close(closeCtx)
	}()

	ctx, cancel := context.WithTimeout(context.Background(), seedTimeout)
	defer cancel()

	logger, err := c.Log()
	if err != nil {
		return err
	}

	database, err := c.DB()
	if err != nil {
		return err
	}

	if err := database.Ping(ctx); err != nil {
		return err
	}

	if err := seed.Run(ctx, database); err != nil {
		return err
	}

	logger.Info().Msg("seed complete")

	return nil
}
