// Package app builds the config and container shared by this project's
// binaries.
//
// Adapter packages expose constructors but never self-register, so wiring
// is explicit: the named imports below pin exactly the adapters this app
// uses, and each has a matching Register call in New wiring its battery
// registry. This list was picked at scaffold time (`zever new`'s battery picker, or the floor
// (log, router) when there was no prior `zever new`) -- add a battery
// later with `zever add <battery>` (or by hand in zever.yaml plus one
// import and Register call here); this file is scaffolded once and never
// regenerated.
package app

import (
	"fmt"

	logslog "github.com/zenta-dev/zever/adapters/log/slog"
	routerstdhttp "github.com/zenta-dev/zever/adapters/router/stdhttp"
	"github.com/zenta-dev/zever/config"
	"github.com/zenta-dev/zever/container"
)

// DefaultDBPath is the sqlite file used when nothing else supplies one. It is
// relative to the process working directory.
const DefaultDBPath = "data/app.db"

// Config returns the resolved configuration: zever's zero-infra defaults,
// overlaid by any zever.yaml in the working directory and by ZEVER_*
// environment variables, with a sqlite path filled in when nothing supplied
// one.
func Config() (*config.Config, error) {
	cfg, err := config.Load("")
	if err != nil {
		return nil, fmt.Errorf("[app] load config: %w", err)
	}

	dbc := cfg.DB
	if dbc.Options.Path == "" {
		dbc.Options.Path = DefaultDBPath
	}

	cfg.DB = dbc

	return cfg, nil
}

// New builds the container every binary in this project uses. Nothing is
// opened until a battery is first requested.
func New() (*container.Container, error) {
	logslog.Register()
	routerstdhttp.Register()
	cfg, err := Config()
	if err != nil {
		return nil, err
	}

	return container.New(cfg), nil
}
