syntax = "proto3";

package zever.shipping.v1;

import "google/api/annotations.proto";
import "zever/annotations.proto";

option go_package = "github.com/zenta-dev/zever/gen/zever/shipping;shippingv1";

message Shipment {
  string id = 1;
  string tracking_code = 2;
}

message GetShipmentRequest {
  string id = 1;
}

service ShippingService {
  rpc GetShipment(GetShipmentRequest) returns (Shipment) {
    option (google.api.http) = { get: "/v1/shipments/{id}" };
    option (zever.annotations.v1.auth) = { required: true };
  }
}
